[     242ms] [INFO] %cDownload the React DevTools for a better development experience: https://react.dev/link/react-devtools font-weight:bold @ http://localhost:5173/node_modules/.vite/deps/react-dom_client.js?v=0c79582d:22164
[   91591ms] [WARNING] Detected manifest version mismatch, reloading... @ http://localhost:5173/node_modules/.vite/deps/chunk-7SGORL5L.js?v=0c79582d:6769
[   91866ms] [INFO] %cDownload the React DevTools for a better development experience: https://react.dev/link/react-devtools font-weight:bold @ http://localhost:5173/node_modules/.vite/deps/react-dom_client.js?v=0c79582d:22164
[  125073ms] [ERROR] Failed to load resource: the server responded with a status of 404 () @ http://localhost:5173/favicon.ico:0
[  683371ms] [ERROR] Failed to load resource: the server responded with a status of 500 (Internal Server Error) @ http://localhost:5173/app/components/pages/BookPage/BookPage.tsx?t=1789988365787:0
[  683372ms] [ERROR] [vite] Failed to reload /app/components/pages/BookPage/BookPage.tsx. This could be due to syntax errors or importing non-existent modules. (see errors above) @ http://localhost:5173/@vite/client:808
[  683376ms] [ERROR] Failed to load resource: the server responded with a status of 500 (Internal Server Error) @ http://localhost:5173/app/components/pages/BookPage/BookPage.tsx?t=1789988365788:0
[  683376ms] [ERROR] [vite] Failed to reload /app/components/pages/BookPage/BookPage.tsx. This could be due to syntax errors or importing non-existent modules. (see errors above) @ http://localhost:5173/@vite/client:808
[  683381ms] [ERROR] Failed to load resource: the server responded with a status of 500 (Internal Server Error) @ http://localhost:5173/app/components/pages/BookPage/BookPage.tsx?t=1789988365786:0
[  683381ms] [ERROR] [vite] Failed to reload /app/components/pages/BookPage/BookPage.tsx. This could be due to syntax errors or importing non-existent modules. (see errors above) @ http://localhost:5173/@vite/client:808
[  683388ms] [ERROR] Failed to load resource: the server responded with a status of 500 (Internal Server Error) @ http://localhost:5173/app/components/pages/BookPage/BookPage.tsx?t=1789988365835:0
[  683388ms] [ERROR] [vite] Failed to reload /app/routes/locale-layout.tsx. This could be due to syntax errors or importing non-existent modules. (see errors above) @ http://localhost:5173/@vite/client:808
[  683392ms] [ERROR] Failed to load resource: the server responded with a status of 500 (Internal Server Error) @ http://localhost:5173/app/content/common.pl.ts?t=1789988365809:0
[  683392ms] [ERROR] [vite] Failed to reload /app/routes/locale-layout.tsx. This could be due to syntax errors or importing non-existent modules. (see errors above) @ http://localhost:5173/@vite/client:808
[  683394ms] [ERROR] [vite] Failed to reload /app/routes/locale-layout.tsx. This could be due to syntax errors or importing non-existent modules. (see errors above) @ http://localhost:5173/@vite/client:808
[  683407ms] [ERROR] Failed to load resource: the server responded with a status of 500 (Internal Server Error) @ http://localhost:5173/app/components/molecules/VariantTabs/VariantTabs.tsx?t=1789988365820:0
[  683407ms] [ERROR] [vite] Failed to reload /app/components/molecules/VariantTabs/VariantTabs.tsx. This could be due to syntax errors or importing non-existent modules. (see errors above) @ http://localhost:5173/@vite/client:808
[  683410ms] [ERROR] Failed to load resource: the server responded with a status of 500 (Internal Server Error) @ http://localhost:5173/app/components/molecules/VariantTabs/VariantTabs.tsx?t=1789988365821:0
[  683410ms] [ERROR] [vite] Failed to reload /app/components/molecules/VariantTabs/VariantTabs.tsx. This could be due to syntax errors or importing non-existent modules. (see errors above) @ http://localhost:5173/@vite/client:808
[  683415ms] [ERROR] Failed to load resource: the server responded with a status of 500 (Internal Server Error) @ http://localhost:5173/app/components/molecules/VariantTabs/VariantTabs.tsx?t=1789988365819:0
[  683415ms] [ERROR] [vite] Failed to reload /app/components/molecules/VariantTabs/VariantTabs.tsx. This could be due to syntax errors or importing non-existent modules. (see errors above) @ http://localhost:5173/@vite/client:808
[  683419ms] [ERROR] Failed to load resource: the server responded with a status of 500 (Internal Server Error) @ http://localhost:5173/app/components/organisms/PaperLeaf/PaperLeaf.tsx?t=1789988365825:0
[  683419ms] [ERROR] [vite] Failed to reload /app/components/organisms/PaperLeaf/PaperLeaf.tsx. This could be due to syntax errors or importing non-existent modules. (see errors above) @ http://localhost:5173/@vite/client:808
[  683421ms] [ERROR] Failed to load resource: the server responded with a status of 500 (Internal Server Error) @ http://localhost:5173/app/components/organisms/PaperLeaf/PaperLeaf.tsx?t=1789988365826:0
[  683422ms] [ERROR] [vite] Failed to reload /app/components/organisms/PaperLeaf/PaperLeaf.tsx. This could be due to syntax errors or importing non-existent modules. (see errors above) @ http://localhost:5173/@vite/client:808
[  683424ms] [ERROR] Failed to load resource: the server responded with a status of 500 (Internal Server Error) @ http://localhost:5173/app/components/organisms/PaperLeaf/PaperLeaf.tsx?t=1789988365824:0
[  683424ms] [ERROR] [vite] Failed to reload /app/components/organisms/PaperLeaf/PaperLeaf.tsx. This could be due to syntax errors or importing non-existent modules. (see errors above) @ http://localhost:5173/@vite/client:808
[  683434ms] [ERROR] Failed to load resource: the server responded with a status of 500 (Internal Server Error) @ http://localhost:5173/app/components/templates/BookTemplate/BookTemplate.tsx?t=1789988365836:0
[  683434ms] [ERROR] [vite] Failed to reload /app/components/templates/BookTemplate/BookTemplate.tsx. This could be due to syntax errors or importing non-existent modules. (see errors above) @ http://localhost:5173/@vite/client:808
[  683437ms] [ERROR] Failed to load resource: the server responded with a status of 500 (Internal Server Error) @ http://localhost:5173/app/components/templates/BookTemplate/BookTemplate.tsx?t=1789988365837:0
[  683437ms] [ERROR] [vite] Failed to reload /app/components/templates/BookTemplate/BookTemplate.tsx. This could be due to syntax errors or importing non-existent modules. (see errors above) @ http://localhost:5173/@vite/client:808
[  683439ms] [ERROR] Failed to load resource: the server responded with a status of 500 (Internal Server Error) @ http://localhost:5173/app/components/templates/BookTemplate/BookTemplate.tsx?t=1789988365835:0
[  683439ms] [ERROR] [vite] Failed to reload /app/components/templates/BookTemplate/BookTemplate.tsx. This could be due to syntax errors or importing non-existent modules. (see errors above) @ http://localhost:5173/@vite/client:808
