[     236ms] [INFO] %cDownload the React DevTools for a better development experience: https://react.dev/link/react-devtools font-weight:bold @ http://localhost:5173/node_modules/.vite/deps/react-dom_client.js?v=0e5f455a:22164
[     362ms] [ERROR] Failed to load resource: the server responded with a status of 404 () @ http://localhost:5173/audio/pl/psalm-2.json:0
[     362ms] [ERROR] Failed to load resource: the server responded with a status of 500 (Internal Server Error) @ http://localhost:5173/api/me:0
[ 1933122ms] [ERROR] Failed to load resource: the server responded with a status of 404 () @ http://localhost:5173/app/components/prototype/PrototypeNarratingVerse.styles.css?t=1789983418955:0
[ 1933129ms] [ERROR] [vite] Failed to reload /app/components/prototype/PrototypeNarratingVerse.styles.css. This could be due to syntax errors or importing non-existent modules. (see errors above) @ http://localhost:5173/@vite/client:808
[ 1933174ms] [ERROR] Failed to load resource: the server responded with a status of 404 () @ http://localhost:5173/app/components/prototype/PrototypeNarratingVerse.styles.css?t=1789983418956:0
[ 1933187ms] [ERROR] [vite] Failed to reload /app/components/prototype/PrototypeNarratingVerse.styles.css. This could be due to syntax errors or importing non-existent modules. (see errors above) @ http://localhost:5173/@vite/client:808
[ 1933187ms] [ERROR] Failed to load resource: the server responded with a status of 500 (Internal Server Error) @ http://localhost:5173/api/me:0
[ 1933198ms] [ERROR] Failed to load resource: the server responded with a status of 404 () @ http://localhost:5173/app/components/prototype/PrototypeNarratingVerse.styles.css?t=1789983418954:0
[ 1933203ms] [ERROR] [vite] Failed to reload /app/components/prototype/PrototypeNarratingVerse.styles.css. This could be due to syntax errors or importing non-existent modules. (see errors above) @ http://localhost:5173/@vite/client:808
[ 1933212ms] [ERROR] Failed to load resource: the server responded with a status of 404 () @ http://localhost:5173/app/components/prototype/PrototypeNarration.tsx?t=1789983418958:0
[ 1933212ms] [ERROR] [vite] Failed to reload /app/components/prototype/PrototypeNarration.tsx. This could be due to syntax errors or importing non-existent modules. (see errors above) @ http://localhost:5173/@vite/client:808
[ 1933220ms] [ERROR] Failed to load resource: the server responded with a status of 404 () @ http://localhost:5173/app/components/prototype/PrototypeNarration.tsx?t=1789983418959:0
[ 1933221ms] [ERROR] [vite] Failed to reload /app/components/prototype/PrototypeNarration.tsx. This could be due to syntax errors or importing non-existent modules. (see errors above) @ http://localhost:5173/@vite/client:808
[ 1933228ms] [ERROR] Failed to load resource: the server responded with a status of 404 () @ http://localhost:5173/app/components/prototype/PrototypeNarration.tsx?t=1789983418957:0
[ 1933228ms] [ERROR] [vite] Failed to reload /app/components/prototype/PrototypeNarration.tsx. This could be due to syntax errors or importing non-existent modules. (see errors above) @ http://localhost:5173/@vite/client:808
[ 1933233ms] [ERROR] Failed to load resource: the server responded with a status of 404 () @ http://localhost:5173/app/components/prototype/PrototypeNarration.styles.css?t=1789983418961:0
[ 1933233ms] [ERROR] [vite] Failed to reload /app/components/prototype/PrototypeNarration.styles.css. This could be due to syntax errors or importing non-existent modules. (see errors above) @ http://localhost:5173/@vite/client:808
[ 1933265ms] [ERROR] Failed to load module script: Expected a JavaScript-or-Wasm module script but the server responded with a MIME type of "text/css". Strict MIME type checking is enforced for module scripts per HTML spec. @ http://localhost:5173/app/components/prototype/PrototypeNarration.styles.css?t=1789983418962:0
[ 1933265ms] [ERROR] [vite] Failed to reload /app/components/prototype/PrototypeNarration.styles.css. This could be due to syntax errors or importing non-existent modules. (see errors above) @ http://localhost:5173/@vite/client:808
[ 1933310ms] [ERROR] [vite] Failed to reload /app/components/prototype/PrototypeNarratingVerse.tsx. This could be due to syntax errors or importing non-existent modules. (see errors above) @ http://localhost:5173/@vite/client:808
[ 1933314ms] [ERROR] [vite] Failed to reload /app/components/prototype/PrototypeNarratingVerse.tsx. This could be due to syntax errors or importing non-existent modules. (see errors above) @ http://localhost:5173/@vite/client:808
[ 1933316ms] [ERROR] [vite] Failed to reload /app/components/prototype/PrototypeNarratingVerse.tsx. This could be due to syntax errors or importing non-existent modules. (see errors above) @ http://localhost:5173/@vite/client:808
[ 1933608ms] [ERROR] Failed to load resource: the server responded with a status of 500 (Internal Server Error) @ http://localhost:5173/api/me:0
[ 1941666ms] [ERROR] Failed to load resource: the server responded with a status of 500 (Internal Server Error) @ http://localhost:5173/app/components/prototype/PrototypeNarratingVerse.styles.css?t=1789983427596:0
[ 1941667ms] [ERROR] [vite] Failed to reload /app/components/prototype/PrototypeNarratingVerse.styles.css. This could be due to syntax errors or importing non-existent modules. (see errors above) @ http://localhost:5173/@vite/client:808
[ 1941675ms] [ERROR] Failed to load resource: the server responded with a status of 500 (Internal Server Error) @ http://localhost:5173/app/components/prototype/PrototypeNarratingVerse.styles.css?t=1789983427597:0
[ 1941675ms] [ERROR] [vite] Failed to reload /app/components/prototype/PrototypeNarratingVerse.styles.css. This could be due to syntax errors or importing non-existent modules. (see errors above) @ http://localhost:5173/@vite/client:808
[ 1941677ms] [ERROR] Failed to load resource: the server responded with a status of 500 (Internal Server Error) @ http://localhost:5173/app/components/prototype/PrototypeNarratingVerse.styles.css?t=1789983427595:0
[ 1941677ms] [ERROR] [vite] Failed to reload /app/components/prototype/PrototypeNarratingVerse.styles.css. This could be due to syntax errors or importing non-existent modules. (see errors above) @ http://localhost:5173/@vite/client:808
[ 1941680ms] [ERROR] Failed to load resource: the server responded with a status of 500 (Internal Server Error) @ http://localhost:5173/app/components/prototype/PrototypeNarration.styles.css?t=1789983427642:0
[ 1941680ms] [ERROR] [vite] Failed to reload /app/components/prototype/PrototypeNarration.styles.css. This could be due to syntax errors or importing non-existent modules. (see errors above) @ http://localhost:5173/@vite/client:808
[ 1941683ms] [ERROR] Failed to load resource: the server responded with a status of 500 (Internal Server Error) @ http://localhost:5173/app/components/prototype/PrototypeNarration.styles.css?t=1789983427643:0
[ 1941683ms] [ERROR] [vite] Failed to reload /app/components/prototype/PrototypeNarration.styles.css. This could be due to syntax errors or importing non-existent modules. (see errors above) @ http://localhost:5173/@vite/client:808
[ 1941685ms] [ERROR] Failed to load resource: the server responded with a status of 500 (Internal Server Error) @ http://localhost:5173/app/components/prototype/PrototypeNarration.styles.css?t=1789983427641:0
[ 1941685ms] [ERROR] [vite] Failed to reload /app/components/prototype/PrototypeNarration.styles.css. This could be due to syntax errors or importing non-existent modules. (see errors above) @ http://localhost:5173/@vite/client:808
[ 1941687ms] [ERROR] Failed to load resource: the server responded with a status of 500 (Internal Server Error) @ http://localhost:5173/app/components/prototype/PrototypeNarration.tsx?t=1789983427645:0
[ 1941688ms] [ERROR] [vite] Failed to reload /app/components/prototype/PrototypeNarration.tsx. This could be due to syntax errors or importing non-existent modules. (see errors above) @ http://localhost:5173/@vite/client:808
[ 1941690ms] [ERROR] Failed to load resource: the server responded with a status of 500 (Internal Server Error) @ http://localhost:5173/app/components/prototype/PrototypeNarration.tsx?t=1789983427646:0
[ 1941690ms] [ERROR] [vite] Failed to reload /app/components/prototype/PrototypeNarration.tsx. This could be due to syntax errors or importing non-existent modules. (see errors above) @ http://localhost:5173/@vite/client:808
[ 1941778ms] [ERROR] Failed to load resource: the server responded with a status of 404 () @ http://localhost:5173/app/components/prototype/PrototypeNarration.tsx?t=1789983427644:0
[ 1941778ms] [ERROR] [vite] Failed to reload /app/components/prototype/PrototypeNarration.tsx. This could be due to syntax errors or importing non-existent modules. (see errors above) @ http://localhost:5173/@vite/client:808
[ 1941810ms] [ERROR] Failed to load resource: the server responded with a status of 404 () @ http://localhost:5173/app/components/prototype/PrototypeNarratingVerse.tsx?t=1789983427648:0
[ 1941810ms] [ERROR] [vite] Failed to reload /app/components/prototype/PrototypeNarratingVerse.tsx. This could be due to syntax errors or importing non-existent modules. (see errors above) @ http://localhost:5173/@vite/client:808
[ 1941815ms] [ERROR] Failed to load resource: the server responded with a status of 404 () @ http://localhost:5173/app/components/prototype/PrototypeNarratingVerse.tsx?t=1789983427649:0
[ 1941815ms] [ERROR] [vite] Failed to reload /app/components/prototype/PrototypeNarratingVerse.tsx. This could be due to syntax errors or importing non-existent modules. (see errors above) @ http://localhost:5173/@vite/client:808
[ 1941821ms] [ERROR] Failed to load resource: the server responded with a status of 404 () @ http://localhost:5173/app/components/prototype/PrototypeNarratingVerse.tsx?t=1789983427647:0
[ 1941821ms] [ERROR] [vite] Failed to reload /app/components/prototype/PrototypeNarratingVerse.tsx. This could be due to syntax errors or importing non-existent modules. (see errors above) @ http://localhost:5173/@vite/client:808
[ 1942047ms] [ERROR] [vite] Failed to reload /app/components/molecules/PsalmFace/PsalmFace.tsx. This could be due to syntax errors or importing non-existent modules. (see errors above) @ http://localhost:5173/@vite/client:808
[ 1942052ms] [ERROR] [vite] Failed to reload /app/components/molecules/PsalmFace/PsalmFace.tsx. This could be due to syntax errors or importing non-existent modules. (see errors above) @ http://localhost:5173/@vite/client:808
[ 1942056ms] [ERROR] [vite] Failed to reload /app/components/molecules/PsalmFace/PsalmFace.tsx. This could be due to syntax errors or importing non-existent modules. (see errors above) @ http://localhost:5173/@vite/client:808
[ 1942155ms] [ERROR] Failed to load resource: the server responded with a status of 500 (Internal Server Error) @ http://localhost:5173/api/me:0
[ 1942283ms] [ERROR] Failed to load resource: the server responded with a status of 500 (Internal Server Error) @ http://localhost:5173/api/me:0
[ 3447905ms] [ERROR] Failed to load resource: the server responded with a status of 500 (Internal Server Error) @ http://localhost:5173/api/me:0
[ 3447945ms] [ERROR] Failed to load resource: the server responded with a status of 404 () @ http://localhost:5173/app/components/prototype/PrototypeNarration.styles.css?t=1789984933672:0
[ 3447950ms] [ERROR] [vite] Failed to reload /app/components/prototype/PrototypeNarration.styles.css. This could be due to syntax errors or importing non-existent modules. (see errors above) @ http://localhost:5173/@vite/client:808
[ 3447957ms] [ERROR] Failed to load resource: the server responded with a status of 404 () @ http://localhost:5173/app/components/prototype/PrototypeNarration.styles.css?t=1789984933673:0
[ 3447963ms] [ERROR] [vite] Failed to reload /app/components/prototype/PrototypeNarration.styles.css. This could be due to syntax errors or importing non-existent modules. (see errors above) @ http://localhost:5173/@vite/client:808
[ 3447973ms] [ERROR] Failed to load resource: the server responded with a status of 404 () @ http://localhost:5173/app/components/prototype/PrototypeNarration.styles.css?t=1789984933671:0
[ 3447974ms] [ERROR] [vite] Failed to reload /app/components/prototype/PrototypeNarration.styles.css. This could be due to syntax errors or importing non-existent modules. (see errors above) @ http://localhost:5173/@vite/client:808
[ 3447980ms] [ERROR] Failed to load resource: the server responded with a status of 404 () @ http://localhost:5173/app/components/prototype/PrototypeNarration.tsx?t=1789984933675:0
[ 3447980ms] [ERROR] [vite] Failed to reload /app/components/prototype/PrototypeNarration.tsx. This could be due to syntax errors or importing non-existent modules. (see errors above) @ http://localhost:5173/@vite/client:808
[ 3447985ms] [ERROR] Failed to load resource: the server responded with a status of 404 () @ http://localhost:5173/app/components/prototype/PrototypeNarration.tsx?t=1789984933676:0
[ 3447985ms] [ERROR] [vite] Failed to reload /app/components/prototype/PrototypeNarration.tsx. This could be due to syntax errors or importing non-existent modules. (see errors above) @ http://localhost:5173/@vite/client:808
[ 3447990ms] [ERROR] Failed to load resource: the server responded with a status of 404 () @ http://localhost:5173/app/components/prototype/PrototypeNarration.tsx?t=1789984933674:0
[ 3447990ms] [ERROR] [vite] Failed to reload /app/components/prototype/PrototypeNarration.tsx. This could be due to syntax errors or importing non-existent modules. (see errors above) @ http://localhost:5173/@vite/client:808
[ 3447995ms] [ERROR] Failed to load resource: the server responded with a status of 404 () @ http://localhost:5173/app/components/prototype/PrototypeNarratingVerse.tsx?t=1789984933678:0
[ 3447995ms] [ERROR] [vite] Failed to reload /app/components/prototype/PrototypeNarratingVerse.tsx. This could be due to syntax errors or importing non-existent modules. (see errors above) @ http://localhost:5173/@vite/client:808
[ 3447999ms] [ERROR] Failed to load resource: the server responded with a status of 404 () @ http://localhost:5173/app/components/prototype/PrototypeNarratingVerse.tsx?t=1789984933679:0
[ 3448000ms] [ERROR] [vite] Failed to reload /app/components/prototype/PrototypeNarratingVerse.tsx. This could be due to syntax errors or importing non-existent modules. (see errors above) @ http://localhost:5173/@vite/client:808
[ 3448004ms] [ERROR] Failed to load resource: the server responded with a status of 404 () @ http://localhost:5173/app/components/prototype/PrototypeNarratingVerse.tsx?t=1789984933677:0
[ 3448004ms] [ERROR] [vite] Failed to reload /app/components/prototype/PrototypeNarratingVerse.tsx. This could be due to syntax errors or importing non-existent modules. (see errors above) @ http://localhost:5173/@vite/client:808
[ 3448008ms] [ERROR] Failed to load resource: the server responded with a status of 404 () @ http://localhost:5173/app/components/prototype/PrototypeNarratingVerse.styles.css?t=1789984933681:0
[ 3448009ms] [ERROR] [vite] Failed to reload /app/components/prototype/PrototypeNarratingVerse.styles.css. This could be due to syntax errors or importing non-existent modules. (see errors above) @ http://localhost:5173/@vite/client:808
[ 3448013ms] [ERROR] Failed to load resource: the server responded with a status of 404 () @ http://localhost:5173/app/components/prototype/PrototypeNarratingVerse.styles.css?t=1789984933682:0
[ 3448013ms] [ERROR] [vite] Failed to reload /app/components/prototype/PrototypeNarratingVerse.styles.css. This could be due to syntax errors or importing non-existent modules. (see errors above) @ http://localhost:5173/@vite/client:808
[ 3448017ms] [ERROR] Failed to load resource: the server responded with a status of 404 () @ http://localhost:5173/app/components/prototype/PrototypeNarratingVerse.styles.css?t=1789984933680:0
[ 3448018ms] [ERROR] [vite] Failed to reload /app/components/prototype/PrototypeNarratingVerse.styles.css. This could be due to syntax errors or importing non-existent modules. (see errors above) @ http://localhost:5173/@vite/client:808
[ 3842744ms] [ERROR] Failed to load resource: the server responded with a status of 500 (Internal Server Error) @ http://localhost:5173/app/components/atoms/AudioPlayer/AudioPlayer.tsx?t=1789985328699:0
[ 3842744ms] [ERROR] [vite] Failed to reload /app/components/atoms/AudioPlayer/AudioPlayer.tsx. This could be due to syntax errors or importing non-existent modules. (see errors above) @ http://localhost:5173/@vite/client:808
[ 3842744ms] [ERROR] Failed to load resource: the server responded with a status of 500 (Internal Server Error) @ http://localhost:5173/app/content/audio-cues.ts?t=1789985328698:0
[ 3842744ms] [ERROR] [vite] Failed to reload /app/components/organisms/PaperLeaf/PaperLeaf.tsx. This could be due to syntax errors or importing non-existent modules. (see errors above) @ http://localhost:5173/@vite/client:808
[ 3842745ms] [ERROR] Failed to load resource: the server responded with a status of 500 (Internal Server Error) @ http://localhost:5173/app/components/organisms/PaperLeaf/PaperLeaf.utils.ts?t=1789985328703:0
[ 3842746ms] [ERROR] [vite] Failed to reload /app/components/organisms/PaperLeaf/PaperLeaf.tsx. This could be due to syntax errors or importing non-existent modules. (see errors above) @ http://localhost:5173/@vite/client:808
[ 3842747ms] [ERROR] Failed to load resource: the server responded with a status of 500 (Internal Server Error) @ http://localhost:5173/app/components/atoms/AudioPlayer/AudioPlayer.tsx?t=1789985328700:0
[ 3842747ms] [ERROR] [vite] Failed to reload /app/components/atoms/AudioPlayer/AudioPlayer.tsx. This could be due to syntax errors or importing non-existent modules. (see errors above) @ http://localhost:5173/@vite/client:808
[ 3842749ms] [ERROR] [vite] Failed to reload /app/components/organisms/PaperLeaf/PaperLeaf.tsx. This could be due to syntax errors or importing non-existent modules. (see errors above) @ http://localhost:5173/@vite/client:808
[ 3842750ms] [ERROR] Failed to load resource: the server responded with a status of 500 (Internal Server Error) @ http://localhost:5173/app/components/atoms/AudioPlayer/AudioPlayer.tsx?t=1789985328698:0
[ 3842750ms] [ERROR] [vite] Failed to reload /app/components/atoms/AudioPlayer/AudioPlayer.tsx. This could be due to syntax errors or importing non-existent modules. (see errors above) @ http://localhost:5173/@vite/client:808
[ 3842751ms] [ERROR] [vite] Failed to reload /app/components/organisms/PaperLeaf/PaperLeaf.tsx. This could be due to syntax errors or importing non-existent modules. (see errors above) @ http://localhost:5173/@vite/client:808
[ 3842752ms] [ERROR] [vite] Failed to reload /app/components/organisms/PaperLeaf/PaperLeaf.tsx. This could be due to syntax errors or importing non-existent modules. (see errors above) @ http://localhost:5173/@vite/client:808
[ 3842753ms] [ERROR] [vite] Failed to reload /app/components/organisms/PaperLeaf/PaperLeaf.tsx. This could be due to syntax errors or importing non-existent modules. (see errors above) @ http://localhost:5173/@vite/client:808
[ 3842755ms] [ERROR] Failed to load resource: the server responded with a status of 500 (Internal Server Error) @ http://localhost:5173/app/components/atoms/AudioPlayer/AudioPlayer.styles.css?t=1789985328708:0
[ 3842755ms] [ERROR] [vite] Failed to reload /app/components/atoms/AudioPlayer/AudioPlayer.styles.css. This could be due to syntax errors or importing non-existent modules. (see errors above) @ http://localhost:5173/@vite/client:808
[ 3842757ms] [ERROR] Failed to load resource: the server responded with a status of 500 (Internal Server Error) @ http://localhost:5173/app/components/atoms/AudioPlayer/AudioPlayer.styles.css?t=1789985328709:0
[ 3842757ms] [ERROR] [vite] Failed to reload /app/components/atoms/AudioPlayer/AudioPlayer.styles.css. This could be due to syntax errors or importing non-existent modules. (see errors above) @ http://localhost:5173/@vite/client:808
[ 3842758ms] [ERROR] Failed to load resource: the server responded with a status of 500 (Internal Server Error) @ http://localhost:5173/app/components/atoms/AudioPlayer/AudioPlayer.styles.css?t=1789985328707:0
[ 3842758ms] [ERROR] [vite] Failed to reload /app/components/atoms/AudioPlayer/AudioPlayer.styles.css. This could be due to syntax errors or importing non-existent modules. (see errors above) @ http://localhost:5173/@vite/client:808
[ 3842760ms] [ERROR] Failed to load resource: the server responded with a status of 500 (Internal Server Error) @ http://localhost:5173/app/components/atoms/AudioPlayer/AudioPlayer.tsx?t=1789985328711:0
[ 3842760ms] [ERROR] [vite] Failed to reload /app/components/atoms/AudioPlayer/AudioPlayer.tsx. This could be due to syntax errors or importing non-existent modules. (see errors above) @ http://localhost:5173/@vite/client:808
[ 3842762ms] [ERROR] Failed to load resource: the server responded with a status of 500 (Internal Server Error) @ http://localhost:5173/app/components/atoms/AudioPlayer/AudioPlayer.tsx?t=1789985328712:0
[ 3842762ms] [ERROR] [vite] Failed to reload /app/components/atoms/AudioPlayer/AudioPlayer.tsx. This could be due to syntax errors or importing non-existent modules. (see errors above) @ http://localhost:5173/@vite/client:808
[ 3842764ms] [ERROR] Failed to load resource: the server responded with a status of 500 (Internal Server Error) @ http://localhost:5173/app/components/atoms/AudioPlayer/AudioPlayer.tsx?t=1789985328710:0
[ 3842764ms] [ERROR] [vite] Failed to reload /app/components/atoms/AudioPlayer/AudioPlayer.tsx. This could be due to syntax errors or importing non-existent modules. (see errors above) @ http://localhost:5173/@vite/client:808
[ 3861327ms] [ERROR] Failed to load resource: the server responded with a status of 500 (Internal Server Error) @ http://localhost:5173/pl/psalm/2.data?v=3&nv=D:0
[ 3861341ms] [ERROR] Encountered a script tag while rendering React component. Scripts inside React components are never executed when rendering on the client. Consider using template tag instead (https://developer.mozilla.org/en-US/docs/Web/HTML/Element/template). @ http://localhost:5173/node_modules/.vite/deps/react-dom_client.js?v=0e5f455a:9368
[ 3861417ms] [ERROR] [vite] Failed to reload /app/components/pages/BookPage/BookPage.tsx. This could be due to syntax errors or importing non-existent modules. (see errors above) @ http://localhost:5173/@vite/client:808
[ 3861425ms] [ERROR] [vite] Failed to reload /app/components/pages/BookPage/BookPage.tsx. This could be due to syntax errors or importing non-existent modules. (see errors above) @ http://localhost:5173/@vite/client:808
[ 3861428ms] [ERROR] [vite] Failed to reload /app/components/pages/BookPage/BookPage.tsx. This could be due to syntax errors or importing non-existent modules. (see errors above) @ http://localhost:5173/@vite/client:808
[ 3861465ms] Error: [react-router:hmr] No module update found for route routes/locale-index
    at http://localhost:5173/@id/__x00__virtual:react-router/hmr-runtime:267:15
[ 3861462ms] [ERROR] [vite] Failed to reload /app/routes/locale-layout.tsx. This could be due to syntax errors or importing non-existent modules. (see errors above) @ http://localhost:5173/@vite/client:808
[ 3861466ms] [ERROR] [vite] Failed to reload /app/routes/locale-layout.tsx. This could be due to syntax errors or importing non-existent modules. (see errors above) @ http://localhost:5173/@vite/client:808
[ 3861470ms] [ERROR] [vite] Failed to reload /app/routes/locale-layout.tsx. This could be due to syntax errors or importing non-existent modules. (see errors above) @ http://localhost:5173/@vite/client:808
[ 3861485ms] Error: [react-router:hmr] No module update found for route routes/locale-index
    at http://localhost:5173/@id/__x00__virtual:react-router/hmr-runtime:267:15
[ 3873698ms] [ERROR] [vite] Failed to reload /app/components/pages/BookPage/BookPage.tsx. This could be due to syntax errors or importing non-existent modules. (see errors above) @ http://localhost:5173/@vite/client:808
[ 3873713ms] [ERROR] [vite] Failed to reload /app/components/pages/BookPage/BookPage.tsx. This could be due to syntax errors or importing non-existent modules. (see errors above) @ http://localhost:5173/@vite/client:808
[ 3873721ms] [ERROR] [vite] Failed to reload /app/components/pages/BookPage/BookPage.tsx. This could be due to syntax errors or importing non-existent modules. (see errors above) @ http://localhost:5173/@vite/client:808
[ 3873723ms] [ERROR] [vite] Failed to reload /app/routes/locale-layout.tsx. This could be due to syntax errors or importing non-existent modules. (see errors above) @ http://localhost:5173/@vite/client:808
[ 3873734ms] [ERROR] [vite] Failed to reload /app/routes/locale-layout.tsx. This could be due to syntax errors or importing non-existent modules. (see errors above) @ http://localhost:5173/@vite/client:808
[ 3873736ms] [ERROR] [vite] Failed to reload /app/routes/locale-layout.tsx. This could be due to syntax errors or importing non-existent modules. (see errors above) @ http://localhost:5173/@vite/client:808
[ 3873737ms] Error: [react-router:hmr] No module update found for route routes/locale-index
    at http://localhost:5173/@id/__x00__virtual:react-router/hmr-runtime:267:15
[ 3932595ms] Error: [react-router:hmr] No module update found for route routes/locale-index
    at http://localhost:5173/@id/__x00__virtual:react-router/hmr-runtime:267:15
[ 3963125ms] Error: [react-router:hmr] No module update found for route routes/locale-index
    at http://localhost:5173/@id/__x00__virtual:react-router/hmr-runtime:267:15
[ 3963192ms] Error: [react-router:hmr] No module update found for route routes/locale-index
    at http://localhost:5173/@id/__x00__virtual:react-router/hmr-runtime:267:15
[ 3963210ms] Error: [react-router:hmr] No module update found for route routes/locale-index
    at http://localhost:5173/@id/__x00__virtual:react-router/hmr-runtime:267:15
[ 3991983ms] Error: [react-router:hmr] No module update found for route routes/locale-index
    at http://localhost:5173/@id/__x00__virtual:react-router/hmr-runtime:267:15
[ 4022256ms] Error: [react-router:hmr] No module update found for route routes/locale-index
    at http://localhost:5173/@id/__x00__virtual:react-router/hmr-runtime:267:15
[ 4022985ms] [INFO] %cDownload the React DevTools for a better development experience: https://react.dev/link/react-devtools font-weight:bold @ http://localhost:5173/node_modules/.vite/deps/react-dom_client.js?v=0c79582d:22164
[ 4023276ms] [ERROR] Failed to load resource: the server responded with a status of 500 (Internal Server Error) @ http://localhost:5173/api/me:0
[ 4023276ms] [ERROR] Failed to load resource: the server responded with a status of 500 (Internal Server Error) @ http://localhost:5173/api/sessions/me:0
[ 4062238ms] [LOG] [vite] server connection lost. Polling for restart... @ http://localhost:5173/@vite/client:864
[ 4064109ms] [INFO] %cDownload the React DevTools for a better development experience: https://react.dev/link/react-devtools font-weight:bold @ http://localhost:5173/node_modules/.vite/deps/react-dom_client.js?v=0c79582d:22164
[ 4064221ms] [ERROR] Failed to load resource: the server responded with a status of 500 (Internal Server Error) @ http://localhost:5173/api/me:0
[ 4064222ms] [ERROR] Failed to load resource: the server responded with a status of 500 (Internal Server Error) @ http://localhost:5173/api/sessions/me:0
